// Jest Snapshot v1, https://goo.gl/fbAQLP

exports[`greenmeister scrapre scrapes greenmeister 1`] = `
Array [
  Object {
    "address": "Orteliusstraat 193, Amsterdam, Noord-Holland",
    "badges": Array [],
    "description": "",
    "location": "",
    "menus": Array [],
    "name": "Hunter's Coffeeshop Amsterdam West ",
    "phone": "",
    "photo": Object {
      "url": "https://greenmeister.nl/assets/coffeeshopcontent/hunters-vi-amsterdam1.jpg",
    },
    "rating": 5,
    "social": Array [],
  },
  Object {
    "address": "Utrechtsestraat 14, Amsterdam, Noord-Holland",
    "badges": Array [],
    "description": "",
    "location": "",
    "menus": Array [],
    "name": "Hunter's Coffeeshop Amsterdam Centrum ",
    "phone": "",
    "photo": Object {
      "url": "https://greenmeister.nl/assets/coffeeshopcontent/hunters-v-amsterdam2.jpg",
    },
    "rating": 5,
    "social": Array [],
  },
  Object {
    "address": "Baarsjesweg 239, Amsterdam, Noord-Holland",
    "badges": Array [],
    "description": "",
    "location": "",
    "menus": Array [],
    "name": "Boerejongens West ",
    "phone": "",
    "photo": Object {
      "url": "https://greenmeister.nl/assets/coffeeshopcontent/boerejongens-west-amsterdam0.jpg",
    },
    "rating": 5,
    "social": Array [],
  },
  Object {
    "address": "Humberweg 2, Amsterdam, Noord-Holland",
    "badges": Array [],
    "description": "",
    "location": "",
    "menus": Array [],
    "name": "Boerejongens Sloterdijk ",
    "phone": "",
    "photo": Object {
      "url": "https://greenmeister.nl/assets/coffeeshopcontent/boerejongens-sloterdijk-amsterdam2.png",
    },
    "rating": 5,
    "social": Array [],
  },
  Object {
    "address": "Utrechtsestraat 21, Amsterdam, Noord-Holland",
    "badges": Array [],
    "description": "",
    "location": "",
    "menus": Array [],
    "name": "Boerejongens Center ",
    "phone": "",
    "photo": Object {
      "url": "https://greenmeister.nl/assets/coffeeshopcontent/boerejongens-utrechtsestraat-amsterdam5.png",
    },
    "rating": 5,
    "social": Array [],
  },
  Object {
    "address": "Bonairestraat 78, Amsterdam, Noord-Holland",
    "badges": Array [],
    "description": "",
    "location": "",
    "menus": Array [],
    "name": "Boerejongens BIJ ",
    "phone": "",
    "photo": Object {
      "url": "https://greenmeister.nl/assets/coffeeshopcontent/bij-boerejongens-amsterdam2.jpg",
    },
    "rating": 5,
    "social": Array [],
  },
  Object {
    "address": "Spaarndammerdijk 9, Amsterdam, Noord-Holland",
    "badges": Array [],
    "description": "",
    "location": "",
    "menus": Array [],
    "name": "The Corner ",
    "phone": "",
    "photo": Object {
      "url": "https://greenmeister.nl/assets/coffeeshopcontent/the-corner-amsterdam2.jpg",
    },
    "rating": 5,
    "social": Array [],
  },
  Object {
    "address": "Haarlemmerstraat 44, Amsterdam, Noord-Holland",
    "badges": Array [],
    "description": "",
    "location": "",
    "menus": Array [],
    "name": "Coffeeshop Amsterdam ",
    "phone": "",
    "photo": Object {
      "url": "https://greenmeister.nl/assets/coffeeshopcontent/coffeeshop-amsterdam-amsterdam3.png",
    },
    "rating": 5,
    "social": Array [],
  },
  Object {
    "address": "Heisteeg 6, Amsterdam, Noord-Holland",
    "badges": Array [],
    "description": "",
    "location": "",
    "menus": Array [],
    "name": "Tweede Kamer ",
    "phone": "",
    "photo": Object {
      "url": "https://greenmeister.nl/assets/coffeeshopcontent/tweede-kamer-amsterdam3.png",
    },
    "rating": 5,
    "social": Array [],
  },
  Object {
    "address": "Papaverweg 2, Amsterdam, Noord-Holland",
    "badges": Array [],
    "description": "",
    "location": "",
    "menus": Array [],
    "name": "Hunter's Coffeeshop Amsterdam Noord ",
    "phone": "",
    "photo": Object {
      "url": "https://greenmeister.nl/assets/coffeeshopcontent/hunters-iii-amsterdam5.jpg",
    },
    "rating": 5,
    "social": Array [],
  },
  Object {
    "address": "Waterlandplein 7, Amsterdam, Noord-Holland",
    "badges": Array [],
    "description": "",
    "location": "",
    "menus": Array [],
    "name": "Hunter's Coffeeshop Amsterdam Noord ",
    "phone": "",
    "photo": Object {
      "url": "https://greenmeister.nl/assets/coffeeshopcontent/hunters-iv-amsterdam2.jpg",
    },
    "rating": 5,
    "social": Array [],
  },
  Object {
    "address": "Tweede Laurierdwarsstraat 44, Amsterdam, Noord-Holland",
    "badges": Array [],
    "description": "",
    "location": "",
    "menus": Array [],
    "name": "Mr K & Co ",
    "phone": "",
    "photo": Object {
      "url": "https://greenmeister.nl/assets/coffeeshopcontent/mr-k-co-amsterdam4.jpg",
    },
    "rating": 5,
    "social": Array [],
  },
  Object {
    "address": "Tweede Nassaustraat 1A, Amsterdam, Noord-Holland",
    "badges": Array [],
    "description": "",
    "location": "",
    "menus": Array [],
    "name": "De Republiek ",
    "phone": "",
    "photo": Object {
      "url": "https://greenmeister.nl/assets/coffeeshopcontent/de-republiek.png",
    },
    "rating": 5,
    "social": Array [],
  },
  Object {
    "address": "Brouwersgracht 11, Amsterdam, Noord-Holland",
    "badges": Array [],
    "description": "",
    "location": "",
    "menus": Array [],
    "name": "Siberië ",
    "phone": "",
    "photo": Object {
      "url": "https://greenmeister.nl/assets/coffeeshopcontent/siberi-amsterdam3.jpg",
    },
    "rating": 4,
    "social": Array [],
  },
  Object {
    "address": "Amstelveenseweg 1160, Amsterdam, Noord-Holland",
    "badges": Array [],
    "description": "",
    "location": "",
    "menus": Array [],
    "name": "The Border ",
    "phone": "",
    "photo": Object {
      "url": "https://greenmeister.nl/assets/coffeeshopcontent/the-border.jpg",
    },
    "rating": 4,
    "social": Array [],
  },
  Object {
    "address": "Oudezijds Voorburgwal 218, Amsterdam, Noord-Holland",
    "badges": Array [],
    "description": "",
    "location": "",
    "menus": Array [],
    "name": "The Bulldog Energy ",
    "phone": "",
    "photo": Object {
      "url": "https://greenmeister.nl/assets/coffeeshopcontent/the-bulldog-energy.jpg",
    },
    "rating": 4,
    "social": Array [],
  },
  Object {
    "address": "Coenhavenweg 26, Amsterdam, Noord-Holland",
    "badges": Array [],
    "description": "",
    "location": "",
    "menus": Array [],
    "name": "The Bulldog Port 26 ",
    "phone": "",
    "photo": Object {
      "url": "https://greenmeister.nl/assets/coffeeshopcontent/the-bulldog-port-26.jpg",
    },
    "rating": 4,
    "social": Array [],
  },
  Object {
    "address": "Singel 12, Amsterdam, Noord-Holland",
    "badges": Array [],
    "description": "",
    "location": "",
    "menus": Array [],
    "name": "The Bulldog Rockshop ",
    "phone": "",
    "photo": Object {
      "url": "https://greenmeister.nl/assets/coffeeshopcontent/the-bulldog-rockshop.jpg",
    },
    "rating": 4,
    "social": Array [],
  },
  Object {
    "address": "Leidseplein 17, Amsterdam, Noord-Holland",
    "badges": Array [],
    "description": "",
    "location": "",
    "menus": Array [],
    "name": "The Bulldog Ex-Police Station ",
    "phone": "",
    "photo": Object {
      "url": "https://greenmeister.nl/assets/coffeeshopcontent/default.png",
    },
    "rating": 4,
    "social": Array [],
  },
  Object {
    "address": "Oudezijds Voorburgwal 90, Amsterdam, Noord-Holland",
    "badges": Array [],
    "description": "",
    "location": "",
    "menus": Array [],
    "name": "The Bulldog The First ",
    "phone": "",
    "photo": Object {
      "url": "https://greenmeister.nl/assets/coffeeshopcontent/the-bulldog-the-first.jpg",
    },
    "rating": 2,
    "social": Array [],
  },
  Object {
    "address": "Molukkenstraat 581, Amsterdam, Noord-Holland",
    "badges": Array [],
    "description": "",
    "location": "",
    "menus": Array [],
    "name": "The Stud",
    "phone": "",
    "photo": Object {
      "url": "",
    },
    "rating": 5,
    "social": Array [],
  },
  Object {
    "address": "Spuistraat 118, Amsterdam, Noord-Holland",
    "badges": Array [],
    "description": "",
    "location": "",
    "menus": Array [],
    "name": "Sativa Amsterdam",
    "phone": "",
    "photo": Object {
      "url": "",
    },
    "rating": 5,
    "social": Array [],
  },
  Object {
    "address": "Achillesstraat 104, Amsterdam, Noord-Holland",
    "badges": Array [],
    "description": "",
    "location": "",
    "menus": Array [],
    "name": "DNA",
    "phone": "",
    "photo": Object {
      "url": "",
    },
    "rating": 5,
    "social": Array [],
  },
  Object {
    "address": "Stadionkade 107, Amsterdam, Noord-Holland",
    "badges": Array [],
    "description": "",
    "location": "",
    "menus": Array [],
    "name": "De Kade",
    "phone": "",
    "photo": Object {
      "url": "",
    },
    "rating": 5,
    "social": Array [],
  },
  Object {
    "address": "Binnen Oranjestraat 9, Amsterdam, Noord-Holland",
    "badges": Array [],
    "description": "",
    "location": "",
    "menus": Array [],
    "name": "Relax",
    "phone": "",
    "photo": Object {
      "url": "",
    },
    "rating": 4,
    "social": Array [],
  },
  Object {
    "address": "Haringpakkerssteeg 3, Amsterdam, Noord-Holland",
    "badges": Array [],
    "description": "",
    "location": "",
    "menus": Array [],
    "name": "Prix d’Ami",
    "phone": "",
    "photo": Object {
      "url": "",
    },
    "rating": 4,
    "social": Array [],
  },
  Object {
    "address": "Jan van Galenstraat 285, Amsterdam, Noord-Holland",
    "badges": Array [],
    "description": "",
    "location": "",
    "menus": Array [],
    "name": "Loft",
    "phone": "",
    "photo": Object {
      "url": "",
    },
    "rating": 4,
    "social": Array [],
  },
  Object {
    "address": "Jonge Roelensteeg 12-14, Amsterdam, Noord-Holland",
    "badges": Array [],
    "description": "",
    "location": "",
    "menus": Array [],
    "name": "Abraxas",
    "phone": "",
    "photo": Object {
      "url": "",
    },
    "rating": 5,
    "social": Array [],
  },
  Object {
    "address": "Elandsgracht 36, Amsterdam, Noord-Holland",
    "badges": Array [],
    "description": "",
    "location": "",
    "menus": Array [],
    "name": "Johnny",
    "phone": "",
    "photo": Object {
      "url": "",
    },
    "rating": 5,
    "social": Array [],
  },
  Object {
    "address": "Pieter Vlamingstraat 286, Amsterdam, Noord-Holland",
    "badges": Array [],
    "description": "",
    "location": "",
    "menus": Array [],
    "name": "Eastwood",
    "phone": "",
    "photo": Object {
      "url": "",
    },
    "rating": 5,
    "social": Array [],
  },
  Object {
    "address": "Sint Antoniesbreestraat 71, Amsterdam, Noord-Holland",
    "badges": Array [],
    "description": "",
    "location": "",
    "menus": Array [],
    "name": "Bluebird",
    "phone": "",
    "photo": Object {
      "url": "",
    },
    "rating": 5,
    "social": Array [],
  },
  Object {
    "address": "Rusland 16, Amsterdam, Noord-Holland",
    "badges": Array [],
    "description": "",
    "location": "",
    "menus": Array [],
    "name": "Rusland",
    "phone": "",
    "photo": Object {
      "url": "",
    },
    "rating": 5,
    "social": Array [],
  },
  Object {
    "address": "Handboogstraat 29, Amsterdam, Noord-Holland",
    "badges": Array [],
    "description": "",
    "location": "",
    "menus": Array [],
    "name": "Dampkring",
    "phone": "",
    "photo": Object {
      "url": "",
    },
    "rating": 4,
    "social": Array [],
  },
  Object {
    "address": "Eerste van der Helststraat 70, Amsterdam, Noord-Holland",
    "badges": Array [],
    "description": "",
    "location": "",
    "menus": Array [],
    "name": "Katsu",
    "phone": "",
    "photo": Object {
      "url": "",
    },
    "rating": 4,
    "social": Array [],
  },
  Object {
    "address": "Haarlemmerstraat 102, Amsterdam, Noord-Holland",
    "badges": Array [],
    "description": "",
    "location": "",
    "menus": Array [],
    "name": "Barney’s",
    "phone": "",
    "photo": Object {
      "url": "",
    },
    "rating": 4,
    "social": Array [],
  },
  Object {
    "address": "Geldersekade 2, Amsterdam, Noord-Holland",
    "badges": Array [],
    "description": "",
    "location": "",
    "menus": Array [],
    "name": "Voyagers",
    "phone": "",
    "photo": Object {
      "url": "",
    },
    "rating": 5,
    "social": Array [],
  },
  Object {
    "address": "Tt. Vasumweg 4, Amsterdam, Noord-Holland",
    "badges": Array [],
    "description": "",
    "location": "",
    "menus": Array [],
    "name": "Funny People",
    "phone": "",
    "photo": Object {
      "url": "https://greenmeister.nl/assets/coffeeshopcontent/default.png",
    },
    "rating": 5,
    "social": Array [],
  },
  Object {
    "address": "Nieuwmarkt 4, Amsterdam, Noord-Holland",
    "badges": Array [],
    "description": "",
    "location": "",
    "menus": Array [],
    "name": "De Jolly Joker",
    "phone": "",
    "photo": Object {
      "url": "",
    },
    "rating": 4,
    "social": Array [],
  },
  Object {
    "address": "Oudebrugsteeg 27, Amsterdam, Noord-Holland",
    "badges": Array [],
    "description": "",
    "location": "",
    "menus": Array [],
    "name": "420 Cafe",
    "phone": "",
    "photo": Object {
      "url": "",
    },
    "rating": 4,
    "social": Array [],
  },
  Object {
    "address": "Oude Leliestraat 2, Amsterdam, Noord-Holland",
    "badges": Array [],
    "description": "",
    "location": "",
    "menus": Array [],
    "name": "Grey Area",
    "phone": "",
    "photo": Object {
      "url": "",
    },
    "rating": 5,
    "social": Array [],
  },
  Object {
    "address": "Amsteldijk 139, Amsterdam, Gelderland",
    "badges": Array [],
    "description": "",
    "location": "",
    "menus": Array [],
    "name": "Happy Days",
    "phone": "",
    "photo": Object {
      "url": "",
    },
    "rating": 4,
    "social": Array [],
  },
  Object {
    "address": "Bos en Lommerweg 163, Amsterdam, Noord-Holland",
    "badges": Array [],
    "description": "",
    "location": "",
    "menus": Array [],
    "name": "Risky Business",
    "phone": "",
    "photo": Object {
      "url": "",
    },
    "rating": 4,
    "social": Array [],
  },
  Object {
    "address": "Korte Leidsedwarsstraat 145, Amsterdam, Noord-Holland",
    "badges": Array [],
    "description": "",
    "location": "",
    "menus": Array [],
    "name": "The Rookies",
    "phone": "",
    "photo": Object {
      "url": "",
    },
    "rating": 4,
    "social": Array [],
  },
  Object {
    "address": "Spuistraat 222, Amsterdam, Noord-Holland",
    "badges": Array [],
    "description": "",
    "location": "",
    "menus": Array [],
    "name": "Softland 1",
    "phone": "",
    "photo": Object {
      "url": "",
    },
    "rating": 4,
    "social": Array [],
  },
  Object {
    "address": "Halvemaansteeg 5, Amsterdam, Noord-Holland",
    "badges": Array [],
    "description": "",
    "location": "",
    "menus": Array [],
    "name": "Balou",
    "phone": "",
    "photo": Object {
      "url": "",
    },
    "rating": 4,
    "social": Array [],
  },
  Object {
    "address": "Ruysdaelkade 145, Amsterdam, Noord-Holland",
    "badges": Array [],
    "description": "",
    "location": "",
    "menus": Array [],
    "name": "Stone's",
    "phone": "",
    "photo": Object {
      "url": "",
    },
    "rating": 4,
    "social": Array [],
  },
  Object {
    "address": "Haarlemmerstraat 64, Amsterdam, Noord-Holland",
    "badges": Array [],
    "description": "",
    "location": "",
    "menus": Array [],
    "name": "Green House United",
    "phone": "",
    "photo": Object {
      "url": "",
    },
    "rating": 4,
    "social": Array [],
  },
  Object {
    "address": "Rozengracht 1A, Amsterdam, Noord-Holland",
    "badges": Array [],
    "description": "",
    "location": "",
    "menus": Array [],
    "name": "Black star",
    "phone": "",
    "photo": Object {
      "url": "",
    },
    "rating": 5,
    "social": Array [],
  },
  Object {
    "address": "Roetersstraat 12, Amsterdam, Noord-Holland",
    "badges": Array [],
    "description": "",
    "location": "",
    "menus": Array [],
    "name": "Het Ballonnetje",
    "phone": "",
    "photo": Object {
      "url": "",
    },
    "rating": 4,
    "social": Array [],
  },
  Object {
    "address": "Eerste Bloemdwarsstraat 2R, Amsterdam, Noord-Holland",
    "badges": Array [],
    "description": "",
    "location": "",
    "menus": Array [],
    "name": "Paradox",
    "phone": "",
    "photo": Object {
      "url": "",
    },
    "rating": 4,
    "social": Array [],
  },
  Object {
    "address": "Kloveniersburgwal 42, Amsterdam, Noord-Holland",
    "badges": Array [],
    "description": "",
    "location": "",
    "menus": Array [],
    "name": "Goa",
    "phone": "",
    "photo": Object {
      "url": "",
    },
    "rating": 4,
    "social": Array [],
  },
  Object {
    "address": "Marnixstraat 194, Amsterdam, Noord-Holland",
    "badges": Array [],
    "description": "",
    "location": "",
    "menus": Array [],
    "name": "1e Hulp",
    "phone": "",
    "photo": Object {
      "url": "",
    },
    "rating": 4,
    "social": Array [],
  },
  Object {
    "address": "Kloveniersburgwal 4, Amsterdam, Noord-Holland",
    "badges": Array [],
    "description": "",
    "location": "",
    "menus": Array [],
    "name": "Green Place",
    "phone": "",
    "photo": Object {
      "url": "",
    },
    "rating": 5,
    "social": Array [],
  },
  Object {
    "address": "Nieuwmarkt 14, Amsterdam, Noord-Holland",
    "badges": Array [],
    "description": "",
    "location": "",
    "menus": Array [],
    "name": "Greenhouse Effect",
    "phone": "",
    "photo": Object {
      "url": "",
    },
    "rating": 5,
    "social": Array [],
  },
  Object {
    "address": "Frederik Hendrikstraat 69HS, Amsterdam, Noord-Holland",
    "badges": Array [],
    "description": "",
    "location": "",
    "menus": Array [],
    "name": "De Supermarkt",
    "phone": "",
    "photo": Object {
      "url": "",
    },
    "rating": 5,
    "social": Array [],
  },
  Object {
    "address": "Hekelveld 7, Amsterdam, Noord-Holland",
    "badges": Array [],
    "description": "",
    "location": "",
    "menus": Array [],
    "name": "Resin",
    "phone": "",
    "photo": Object {
      "url": "",
    },
    "rating": 5,
    "social": Array [],
  },
  Object {
    "address": "Warmoesstraat 52A, Amsterdam, Noord-Holland",
    "badges": Array [],
    "description": "",
    "location": "",
    "menus": Array [],
    "name": "Hill Street Blues",
    "phone": "",
    "photo": Object {
      "url": "",
    },
    "rating": 5,
    "social": Array [],
  },
  Object {
    "address": "Geldersekade 54, Amsterdam, Noord-Holland",
    "badges": Array [],
    "description": "",
    "location": "",
    "menus": Array [],
    "name": "Het Gelderse",
    "phone": "",
    "photo": Object {
      "url": "",
    },
    "rating": 5,
    "social": Array [],
  },
  Object {
    "address": "Raadhuisstraat 101, Amsterdam, Noord-Holland",
    "badges": Array [],
    "description": "",
    "location": "",
    "menus": Array [],
    "name": "Rockland",
    "phone": "",
    "photo": Object {
      "url": "",
    },
    "rating": 5,
    "social": Array [],
  },
  Object {
    "address": "Sint Antoniesbreestraat 77, Amsterdam, Noord-Holland",
    "badges": Array [],
    "description": "",
    "location": "",
    "menus": Array [],
    "name": "Reefer",
    "phone": "",
    "photo": Object {
      "url": "",
    },
    "rating": 5,
    "social": Array [],
  },
  Object {
    "address": "Hemonystraat 16, Amsterdam, Noord-Holland",
    "badges": Array [],
    "description": "",
    "location": "",
    "menus": Array [],
    "name": "Ibiza",
    "phone": "",
    "photo": Object {
      "url": "",
    },
    "rating": 5,
    "social": Array [],
  },
  Object {
    "address": "Langebrugsteeg 7a, Amsterdam, Noord-Holland",
    "badges": Array [],
    "description": "",
    "location": "",
    "menus": Array [],
    "name": "Kadinsky",
    "phone": "",
    "photo": Object {
      "url": "",
    },
    "rating": 4,
    "social": Array [],
  },
  Object {
    "address": "Nieuwezijds Voorburgwal 132, Amsterdam, Noord-Holland",
    "badges": Array [],
    "description": "",
    "location": "",
    "menus": Array [],
    "name": "The Plug Utopia",
    "phone": "",
    "photo": Object {
      "url": "",
    },
    "rating": 4,
    "social": Array [],
  },
  Object {
    "address": "Marnixstraat 383, Amsterdam, Noord-Holland",
    "badges": Array [],
    "description": "",
    "location": "",
    "menus": Array [],
    "name": "Crush",
    "phone": "",
    "photo": Object {
      "url": "",
    },
    "rating": 4,
    "social": Array [],
  },
  Object {
    "address": "Ooievaarsweg 10, Amsterdam, Noord-Holland",
    "badges": Array [],
    "description": "",
    "location": "",
    "menus": Array [],
    "name": "Het Ooievaartje",
    "phone": "",
    "photo": Object {
      "url": "",
    },
    "rating": 4,
    "social": Array [],
  },
  Object {
    "address": "Amstel 36, Amsterdam, Noord-Holland",
    "badges": Array [],
    "description": "",
    "location": "",
    "menus": Array [],
    "name": "Family First",
    "phone": "",
    "photo": Object {
      "url": "",
    },
    "rating": 4,
    "social": Array [],
  },
  Object {
    "address": "Frederik Hendrikstraat 123HS, Amsterdam, Noord-Holland",
    "badges": Array [],
    "description": "",
    "location": "",
    "menus": Array [],
    "name": "Hugo de Groot",
    "phone": "",
    "photo": Object {
      "url": "",
    },
    "rating": 4,
    "social": Array [],
  },
  Object {
    "address": "Reguliersdwarsstraat 6, Amsterdam, Noord-Holland",
    "badges": Array [],
    "description": "",
    "location": "",
    "menus": Array [],
    "name": "The Otherside",
    "phone": "",
    "photo": Object {
      "url": "",
    },
    "rating": 4,
    "social": Array [],
  },
  Object {
    "address": "Prinsengracht 312, Amsterdam, Noord-Holland",
    "badges": Array [],
    "description": "",
    "location": "",
    "menus": Array [],
    "name": "La Tertulia",
    "phone": "",
    "photo": Object {
      "url": "",
    },
    "rating": 4,
    "social": Array [],
  },
  Object {
    "address": "Hoekenrode 14, Amsterdam, Noord-Holland",
    "badges": Array [],
    "description": "",
    "location": "",
    "menus": Array [],
    "name": "Roots",
    "phone": "",
    "photo": Object {
      "url": "",
    },
    "rating": 2,
    "social": Array [],
  },
  Object {
    "address": "Oudezijds Voorburgwal 36, Amsterdam, Noord-Holland",
    "badges": Array [],
    "description": "",
    "location": "",
    "menus": Array [],
    "name": "Feels Good",
    "phone": "",
    "photo": Object {
      "url": "",
    },
    "rating": 4,
    "social": Array [],
  },
  Object {
    "address": "Balboastraat 19, Amsterdam, Noord-Holland",
    "badges": Array [],
    "description": "",
    "location": "",
    "menus": Array [],
    "name": "De Bommel",
    "phone": "",
    "photo": Object {
      "url": "",
    },
    "rating": 4,
    "social": Array [],
  },
  Object {
    "address": "Prinsengracht 480, Amsterdam, Noord-Holland",
    "badges": Array [],
    "description": "",
    "location": "",
    "menus": Array [],
    "name": "Superskunk",
    "phone": "",
    "photo": Object {
      "url": "",
    },
    "rating": 4,
    "social": Array [],
  },
  Object {
    "address": "Haarlemmerstraat 63, Amsterdam, Noord-Holland",
    "badges": Array [],
    "description": "",
    "location": "",
    "menus": Array [],
    "name": "Popeye",
    "phone": "",
    "photo": Object {
      "url": "",
    },
    "rating": 4,
    "social": Array [],
  },
  Object {
    "address": "Haarlemmerstraat 6, Amsterdam, Noord-Holland",
    "badges": Array [],
    "description": "",
    "location": "",
    "menus": Array [],
    "name": "Amsterdamned",
    "phone": "",
    "photo": Object {
      "url": "",
    },
    "rating": 4,
    "social": Array [],
  },
  Object {
    "address": "Spuistraat 260, Amsterdam, Noord-Holland",
    "badges": Array [],
    "description": "",
    "location": "",
    "menus": Array [],
    "name": "New Times",
    "phone": "",
    "photo": Object {
      "url": "",
    },
    "rating": 4,
    "social": Array [],
  },
  Object {
    "address": "Marnixstraat 74, Amsterdam, Noord-Holland",
    "badges": Array [],
    "description": "",
    "location": "",
    "menus": Array [],
    "name": "'t Keteltje",
    "phone": "",
    "photo": Object {
      "url": "",
    },
    "rating": 4,
    "social": Array [],
  },
  Object {
    "address": "Oudebrugsteeg 26, Amsterdam, Noord-Holland",
    "badges": Array [],
    "description": "",
    "location": "",
    "menus": Array [],
    "name": "De Kroon",
    "phone": "",
    "photo": Object {
      "url": "",
    },
    "rating": 3,
    "social": Array [],
  },
  Object {
    "address": "Gerard Doustraat 85, Amsterdam, Noord-Holland",
    "badges": Array [],
    "description": "",
    "location": "",
    "menus": Array [],
    "name": "Club Media",
    "phone": "",
    "photo": Object {
      "url": "",
    },
    "rating": 4,
    "social": Array [],
  },
  Object {
    "address": "Oudezijds Voorburgwal 189, Amsterdam, Noord-Holland",
    "badges": Array [],
    "description": "",
    "location": "",
    "menus": Array [],
    "name": "City Hall",
    "phone": "",
    "photo": Object {
      "url": "",
    },
    "rating": 3,
    "social": Array [],
  },
  Object {
    "address": "Hoofdweg 226, Amsterdam, Noord-Holland",
    "badges": Array [],
    "description": "",
    "location": "",
    "menus": Array [],
    "name": "New Amsterdam",
    "phone": "",
    "photo": Object {
      "url": "",
    },
    "rating": 3,
    "social": Array [],
  },
  Object {
    "address": "Nieuwe Nieuwstraat 32, Amsterdam, Noord-Holland",
    "badges": Array [],
    "description": "",
    "location": "",
    "menus": Array [],
    "name": "El Guapo",
    "phone": "",
    "photo": Object {
      "url": "",
    },
    "rating": 4,
    "social": Array [],
  },
  Object {
    "address": "Bergstraat 11-1, Amsterdam, Noord-Holland",
    "badges": Array [],
    "description": "",
    "location": "",
    "menus": Array [],
    "name": "Amnesia",
    "phone": "",
    "photo": Object {
      "url": "https://greenmeister.nl/assets/coffeeshopcontent/default.png",
    },
    "rating": 5,
    "social": Array [],
  },
  Object {
    "address": "Eerste Oosterparkstraat 47, Amsterdam, Noord-Holland",
    "badges": Array [],
    "description": "",
    "location": "",
    "menus": Array [],
    "name": "Speak Easy",
    "phone": "",
    "photo": Object {
      "url": "https://greenmeister.nl/assets/coffeeshopcontent/default.png",
    },
    "rating": 5,
    "social": Array [],
  },
  Object {
    "address": "Woestduinstraat 76, Amsterdam, Noord-Holland",
    "badges": Array [],
    "description": "",
    "location": "",
    "menus": Array [],
    "name": "Bullwackie",
    "phone": "",
    "photo": Object {
      "url": "",
    },
    "rating": 5,
    "social": Array [],
  },
  Object {
    "address": "Czaar Peterstraat 122, Amsterdam, Noord-Holland",
    "badges": Array [],
    "description": "",
    "location": "",
    "menus": Array [],
    "name": "Nogal wiedes",
    "phone": "",
    "photo": Object {
      "url": "",
    },
    "rating": 5,
    "social": Array [],
  },
  Object {
    "address": "Van Ostadestraat 290, Amsterdam, Noord-Holland",
    "badges": Array [],
    "description": "",
    "location": "",
    "menus": Array [],
    "name": "Nice Place",
    "phone": "",
    "photo": Object {
      "url": "",
    },
    "rating": 5,
    "social": Array [],
  },
  Object {
    "address": "Gerard Doustraat 188, Amsterdam, Noord-Holland",
    "badges": Array [],
    "description": "",
    "location": "",
    "menus": Array [],
    "name": "Roxy",
    "phone": "",
    "photo": Object {
      "url": "",
    },
    "rating": 5,
    "social": Array [],
  },
  Object {
    "address": "Singel 14, Amsterdam, Noord-Holland",
    "badges": Array [],
    "description": "",
    "location": "",
    "menus": Array [],
    "name": "The Store",
    "phone": "",
    "photo": Object {
      "url": "",
    },
    "rating": 5,
    "social": Array [],
  },
  Object {
    "address": "Huidenstraat 13, Amsterdam, Noord-Holland",
    "badges": Array [],
    "description": "",
    "location": "",
    "menus": Array [],
    "name": "Best Friends Centrum",
    "phone": "",
    "photo": Object {
      "url": "",
    },
    "rating": 5,
    "social": Array [],
  },
  Object {
    "address": "Kerkstraat 39, Amsterdam, Noord-Holland",
    "badges": Array [],
    "description": "",
    "location": "",
    "menus": Array [],
    "name": "The Dolphins",
    "phone": "",
    "photo": Object {
      "url": "",
    },
    "rating": 5,
    "social": Array [],
  },
  Object {
    "address": "Kloveniersburgwal 60, Amsterdam, Noord-Holland",
    "badges": Array [],
    "description": "",
    "location": "",
    "menus": Array [],
    "name": "Bagheera",
    "phone": "",
    "photo": Object {
      "url": "",
    },
    "rating": 4,
    "social": Array [],
  },
  Object {
    "address": "Korte Koningsstraat 2, Amsterdam, Noord-Holland",
    "badges": Array [],
    "description": "",
    "location": "",
    "menus": Array [],
    "name": "Solo",
    "phone": "",
    "photo": Object {
      "url": "",
    },
    "rating": 4,
    "social": Array [],
  },
  Object {
    "address": "Kerkstraat 51, Amsterdam, Noord-Holland",
    "badges": Array [],
    "description": "",
    "location": "",
    "menus": Array [],
    "name": "Happy Feelings",
    "phone": "",
    "photo": Object {
      "url": "",
    },
    "rating": 4,
    "social": Array [],
  },
  Object {
    "address": "Overtoom 342, Amsterdam, Noord-Holland",
    "badges": Array [],
    "description": "",
    "location": "",
    "menus": Array [],
    "name": "Blue Lagoon",
    "phone": "",
    "photo": Object {
      "url": "",
    },
    "rating": 4,
    "social": Array [],
  },
  Object {
    "address": "Oudezijds Voorburgwal 191, Amsterdam, Noord-Holland",
    "badges": Array [],
    "description": "",
    "location": "",
    "menus": Array [],
    "name": "Green House Centrum",
    "phone": "",
    "photo": Object {
      "url": "",
    },
    "rating": 4,
    "social": Array [],
  },
  Object {
    "address": "Spuistraat 80, Amsterdam, Noord-Holland",
    "badges": Array [],
    "description": "",
    "location": "",
    "menus": Array [],
    "name": "Mediterrané",
    "phone": "",
    "photo": Object {
      "url": "",
    },
    "rating": 5,
    "social": Array [],
  },
  Object {
    "address": "Kloveniersburgwal 42, Amsterdam, Noord-Holland",
    "badges": Array [],
    "description": "",
    "location": "",
    "menus": Array [],
    "name": "Goa Honey Cream",
    "phone": "",
    "photo": Object {
      "url": "https://greenmeister.nl/assets/coffeeshopcontent/default.png",
    },
    "rating": 3,
    "social": Array [],
  },
  Object {
    "address": "Niasstraat 1, Amsterdam, Noord-Holland",
    "badges": Array [],
    "description": "",
    "location": "",
    "menus": Array [],
    "name": "Best Friends - Oost",
    "phone": "",
    "photo": Object {
      "url": "https://greenmeister.nl/assets/coffeeshopcontent/default.png",
    },
    "rating": 3,
    "social": Array [],
  },
  Object {
    "address": "Gillis van Ledenberchstraat 135, Amsterdam, Noord-Holland",
    "badges": Array [],
    "description": "",
    "location": "",
    "menus": Array [],
    "name": "Sensemillia",
    "phone": "",
    "photo": Object {
      "url": "https://greenmeister.nl/assets/coffeeshopcontent/default.png",
    },
    "rating": 4,
    "social": Array [],
  },
  Object {
    "address": "Van Woustraat 147, Amsterdam, Noord-Holland",
    "badges": Array [],
    "description": "",
    "location": "",
    "menus": Array [],
    "name": "Warda",
    "phone": "",
    "photo": Object {
      "url": "",
    },
    "rating": 4,
    "social": Array [],
  },
  Object {
    "address": "Marnixstraat 74, Amsterdam, Noord-Holland",
    "badges": Array [],
    "description": "",
    "location": "",
    "menus": Array [],
    "name": "Het Keteltje",
    "phone": "",
    "photo": Object {
      "url": "",
    },
    "rating": 4,
    "social": Array [],
  },
  Object {
    "address": "Van Hogendorpstraat 201, Amsterdam, Noord-Holland",
    "badges": Array [],
    "description": "",
    "location": "",
    "menus": Array [],
    "name": "Freedom",
    "phone": "",
    "photo": Object {
      "url": "",
    },
    "rating": 4,
    "social": Array [],
  },
  Object {
    "address": "Thorbeckeplein 28, Amsterdam, Noord-Holland",
    "badges": Array [],
    "description": "",
    "location": "",
    "menus": Array [],
    "name": "The Bush Docter",
    "phone": "",
    "photo": Object {
      "url": "",
    },
    "rating": 4,
    "social": Array [],
  },
  Object {
    "address": "Halvemaansteeg 1, Amsterdam, Noord-Holland",
    "badges": Array [],
    "description": "",
    "location": "",
    "menus": Array [],
    "name": "Andalucia",
    "phone": "",
    "photo": Object {
      "url": "",
    },
    "rating": 4,
    "social": Array [],
  },
  Object {
    "address": "Tweede Jan van der Heijdenstraat 43, Amsterdam, Noord-Holland",
    "badges": Array [],
    "description": "",
    "location": "",
    "menus": Array [],
    "name": "Coffeeshop Carmona",
    "phone": "",
    "photo": Object {
      "url": "",
    },
    "rating": 4,
    "social": Array [],
  },
  Object {
    "address": "Nassaukade 33, Amsterdam, Noord-Holland",
    "badges": Array [],
    "description": "",
    "location": "",
    "menus": Array [],
    "name": "Catch33",
    "phone": "",
    "photo": Object {
      "url": "",
    },
    "rating": 4,
    "social": Array [],
  },
  Object {
    "address": "Marnixstraat 333, Amsterdam, Noord-Holland",
    "badges": Array [],
    "description": "",
    "location": "",
    "menus": Array [],
    "name": "Funky Munkey",
    "phone": "",
    "photo": Object {
      "url": "",
    },
    "rating": 4,
    "social": Array [],
  },
  Object {
    "address": "Humberweg 2, Amsterdam, Noord-Holland",
    "badges": Array [],
    "description": "",
    "location": "",
    "menus": Array [],
    "name": "Betty Boop",
    "phone": "",
    "photo": Object {
      "url": "",
    },
    "rating": 4,
    "social": Array [],
  },
  Object {
    "address": "Reguliersgracht 27, Amsterdam, Noord-Holland",
    "badges": Array [],
    "description": "",
    "location": "",
    "menus": Array [],
    "name": "Barney's Lounge",
    "phone": "",
    "photo": Object {
      "url": "",
    },
    "rating": 4,
    "social": Array [],
  },
  Object {
    "address": "Beursstraat 27, Amsterdam, Noord-Holland",
    "badges": Array [],
    "description": "",
    "location": "",
    "menus": Array [],
    "name": "Babylon",
    "phone": "",
    "photo": Object {
      "url": "",
    },
    "rating": 4,
    "social": Array [],
  },
  Object {
    "address": "Chasséstraat 4, Amsterdam, Noord-Holland",
    "badges": Array [],
    "description": "",
    "location": "",
    "menus": Array [],
    "name": "Massawa",
    "phone": "",
    "photo": Object {
      "url": "",
    },
    "rating": 4,
    "social": Array [],
  },
  Object {
    "address": "Jan Pieter Heijestraat 82, Amsterdam, Noord-Holland",
    "badges": Array [],
    "description": "",
    "location": "",
    "menus": Array [],
    "name": "Kashmir",
    "phone": "",
    "photo": Object {
      "url": "",
    },
    "rating": 4,
    "social": Array [],
  },
  Object {
    "address": "Haarlemmerstraat 34, Amsterdam, Noord-Holland",
    "badges": Array [],
    "description": "",
    "location": "",
    "menus": Array [],
    "name": "La Grotte",
    "phone": "",
    "photo": Object {
      "url": "",
    },
    "rating": 4,
    "social": Array [],
  },
  Object {
    "address": "Kloveniersburgwal 62, Amsterdam, Noord-Holland",
    "badges": Array [],
    "description": "",
    "location": "",
    "menus": Array [],
    "name": "Basjoe",
    "phone": "",
    "photo": Object {
      "url": "",
    },
    "rating": 4,
    "social": Array [],
  },
  Object {
    "address": "Vijzelgracht 33, Amsterdam, Noord-Holland",
    "badges": Array [],
    "description": "",
    "location": "",
    "menus": Array [],
    "name": "Mellow Yellow",
    "phone": "",
    "photo": Object {
      "url": "https://greenmeister.nl/assets/coffeeshopcontent/default.png",
    },
    "rating": 4,
    "social": Array [],
  },
  Object {
    "address": "Rozengracht 139, Amsterdam, Noord-Holland",
    "badges": Array [],
    "description": "",
    "location": "",
    "menus": Array [],
    "name": "Flower Power",
    "phone": "",
    "photo": Object {
      "url": "",
    },
    "rating": 4,
    "social": Array [],
  },
  Object {
    "address": "Nieuwe Hoogstraat 22, Amsterdam, Noord-Holland",
    "badges": Array [],
    "description": "",
    "location": "",
    "menus": Array [],
    "name": "Rick's",
    "phone": "",
    "photo": Object {
      "url": "https://greenmeister.nl/assets/coffeeshopcontent/default.png",
    },
    "rating": 3,
    "social": Array [],
  },
  Object {
    "address": "Langebrugsteeg 7A, Amsterdam, Noord-Holland",
    "badges": Array [],
    "description": "",
    "location": "",
    "menus": Array [],
    "name": "Kadinsky Cum Laude",
    "phone": "",
    "photo": Object {
      "url": "",
    },
    "rating": 3,
    "social": Array [],
  },
  Object {
    "address": "Zoutsteeg 14, Amsterdam, Noord-Holland",
    "badges": Array [],
    "description": "",
    "location": "",
    "menus": Array [],
    "name": "Kadinsky Front Page",
    "phone": "",
    "photo": Object {
      "url": "https://greenmeister.nl/assets/coffeeshopcontent/default.png",
    },
    "rating": 3,
    "social": Array [],
  },
  Object {
    "address": "Warmoesstraat 70, Amsterdam, Noord-Holland",
    "badges": Array [],
    "description": "",
    "location": "",
    "menus": Array [],
    "name": "Het Oerwoud",
    "phone": "",
    "photo": Object {
      "url": "",
    },
    "rating": 3,
    "social": Array [],
  },
  Object {
    "address": "Nieuwendijk 30, Amsterdam, Noord-Holland",
    "badges": Array [],
    "description": "",
    "location": "",
    "menus": Array [],
    "name": "Freeworld",
    "phone": "",
    "photo": Object {
      "url": "",
    },
    "rating": 3,
    "social": Array [],
  },
  Object {
    "address": "Oudezijds Achterburgwal 48, Amsterdam, Noord-Holland",
    "badges": Array [],
    "description": "",
    "location": "",
    "menus": Array [],
    "name": "Excalibur",
    "phone": "",
    "photo": Object {
      "url": "",
    },
    "rating": 3,
    "social": Array [],
  },
  Object {
    "address": "Marnixstraat 92HS, Amsterdam, Noord-Holland",
    "badges": Array [],
    "description": "",
    "location": "",
    "menus": Array [],
    "name": "Bronx",
    "phone": "",
    "photo": Object {
      "url": "",
    },
    "rating": 3,
    "social": Array [],
  },
  Object {
    "address": "Gravenstraat 9, Amsterdam, Noord-Holland",
    "badges": Array [],
    "description": "",
    "location": "",
    "menus": Array [],
    "name": "Barraka",
    "phone": "",
    "photo": Object {
      "url": "",
    },
    "rating": 3,
    "social": Array [],
  },
  Object {
    "address": "Brouwersgracht 137, Amsterdam, Noord-Holland",
    "badges": Array [],
    "description": "",
    "location": "",
    "menus": Array [],
    "name": "137",
    "phone": "",
    "photo": Object {
      "url": "",
    },
    "rating": 3,
    "social": Array [],
  },
  Object {
    "address": "Vechtstraat 63, Amsterdam, Noord-Holland",
    "badges": Array [],
    "description": "",
    "location": "",
    "menus": Array [],
    "name": "Top Weazle",
    "phone": "",
    "photo": Object {
      "url": "https://greenmeister.nl/assets/coffeeshopcontent/default.png",
    },
    "rating": 3,
    "social": Array [],
  },
  Object {
    "address": "Zeeburgerdijk 33, Amsterdam, Noord-Holland",
    "badges": Array [],
    "description": "",
    "location": "",
    "menus": Array [],
    "name": "Trefpunt",
    "phone": "",
    "photo": Object {
      "url": "",
    },
    "rating": 3,
    "social": Array [],
  },
  Object {
    "address": "Amstelstraat 35, Amsterdam, Noord-Holland",
    "badges": Array [],
    "description": "",
    "location": "",
    "menus": Array [],
    "name": "Old Amsterdam",
    "phone": "",
    "photo": Object {
      "url": "",
    },
    "rating": 3,
    "social": Array [],
  },
  Object {
    "address": "Jan Hanzenstraat 109, Amsterdam, Noord-Holland",
    "badges": Array [],
    "description": "",
    "location": "",
    "menus": Array [],
    "name": "Millennium",
    "phone": "",
    "photo": Object {
      "url": "",
    },
    "rating": 3,
    "social": Array [],
  },
  Object {
    "address": "Van Woustraat 193, Amsterdam, Noord-Holland",
    "badges": Array [],
    "description": "",
    "location": "",
    "menus": Array [],
    "name": "De Keeper",
    "phone": "",
    "photo": Object {
      "url": "",
    },
    "rating": 3,
    "social": Array [],
  },
  Object {
    "address": "Nieuwmarkt 12, Amsterdam, Noord-Holland",
    "badges": Array [],
    "description": "",
    "location": "",
    "menus": Array [],
    "name": "Rock It",
    "phone": "",
    "photo": Object {
      "url": "",
    },
    "rating": 3,
    "social": Array [],
  },
  Object {
    "address": "Tolstraat 91, Amsterdam, Noord-Holland",
    "badges": Array [],
    "description": "",
    "location": "",
    "menus": Array [],
    "name": "Green House Tol",
    "phone": "",
    "photo": Object {
      "url": "",
    },
    "rating": 3,
    "social": Array [],
  },
  Object {
    "address": "Hoofdweg 174, Amsterdam, Noord-Holland",
    "badges": Array [],
    "description": "",
    "location": "",
    "menus": Array [],
    "name": "Ruthless Amsterdam",
    "phone": "",
    "photo": Object {
      "url": "",
    },
    "rating": 3,
    "social": Array [],
  },
  Object {
    "address": "Prins Hendrikkade 89, Amsterdam, Noord-Holland",
    "badges": Array [],
    "description": "",
    "location": "",
    "menus": Array [],
    "name": "Central",
    "phone": "",
    "photo": Object {
      "url": "",
    },
    "rating": 4,
    "social": Array [],
  },
  Object {
    "address": "Parlevinker 8, Amsterdam, Zuid-Holland",
    "badges": Array [],
    "description": "",
    "location": "",
    "menus": Array [],
    "name": "Atlas",
    "phone": "",
    "photo": Object {
      "url": "",
    },
    "rating": 3,
    "social": Array [],
  },
  Object {
    "address": "Korte Leidsedwarsstraat 77, Amsterdam, Noord-Holland",
    "badges": Array [],
    "description": "",
    "location": "",
    "menus": Array [],
    "name": "Get Down To It",
    "phone": "",
    "photo": Object {
      "url": "",
    },
    "rating": 2,
    "social": Array [],
  },
  Object {
    "address": "Prinsengracht 480, Amsterdam, Noord-Holland",
    "badges": Array [],
    "description": "",
    "location": "",
    "menus": Array [],
    "name": "Tops",
    "phone": "",
    "photo": Object {
      "url": "https://greenmeister.nl/assets/coffeeshopcontent/default.png",
    },
    "rating": 1,
    "social": Array [],
  },
  Object {
    "address": "Tweede Jan van der Heijdenstraat 79HS, Amsterdam, Noord-Holland",
    "badges": Array [],
    "description": "",
    "location": "",
    "menus": Array [],
    "name": "YoYo",
    "phone": "",
    "photo": Object {
      "url": "https://greenmeister.nl/assets/coffeeshopcontent/default.png",
    },
    "rating": 0,
    "social": Array [],
  },
  Object {
    "address": "Dapperstraat 2, Amsterdam, Noord-Holland",
    "badges": Array [],
    "description": "",
    "location": "",
    "menus": Array [],
    "name": "Happy People",
    "phone": "",
    "photo": Object {
      "url": "https://greenmeister.nl/assets/coffeeshopcontent/default.png",
    },
    "rating": 0,
    "social": Array [],
  },
  Object {
    "address": "Hudsonstraat 156, Amsterdam, Noord-Holland",
    "badges": Array [],
    "description": "",
    "location": "",
    "menus": Array [],
    "name": "156",
    "phone": "",
    "photo": Object {
      "url": "https://greenmeister.nl/assets/coffeeshopcontent/default.png",
    },
    "rating": 0,
    "social": Array [],
  },
  Object {
    "address": "Reguliersdwarsstraat 29, Amsterdam, Noord-Holland",
    "badges": Array [],
    "description": "",
    "location": "",
    "menus": Array [],
    "name": "Betty Too",
    "phone": "",
    "photo": Object {
      "url": "https://greenmeister.nl/assets/coffeeshopcontent/default.png",
    },
    "rating": 0,
    "social": Array [],
  },
  Object {
    "address": "Westerstraat 121, Amsterdam, Noord-Holland",
    "badges": Array [],
    "description": "",
    "location": "",
    "menus": Array [],
    "name": "Spirit Amsterdam",
    "phone": "",
    "photo": Object {
      "url": "https://greenmeister.nl/assets/coffeeshopcontent/default.png",
    },
    "rating": 0,
    "social": Array [],
  },
  Object {
    "address": "Haarlemmerstraat 6, Amsterdam, Noord-Holland",
    "badges": Array [],
    "description": "",
    "location": "",
    "menus": Array [],
    "name": "Picasso",
    "phone": "",
    "photo": Object {
      "url": "https://greenmeister.nl/assets/coffeeshopcontent/default.png",
    },
    "rating": 0,
    "social": Array [],
  },
  Object {
    "address": "Haarlemmerstraat 98, Amsterdam, Noord-Holland",
    "badges": Array [],
    "description": "",
    "location": "",
    "menus": Array [],
    "name": "Barneys Farm",
    "phone": "",
    "photo": Object {
      "url": "https://greenmeister.nl/assets/coffeeshopcontent/default.png",
    },
    "rating": 0,
    "social": Array [],
  },
  Object {
    "address": "Nieuwe Herengracht 71, Amsterdam, Noord-Holland",
    "badges": Array [],
    "description": "",
    "location": "",
    "menus": Array [],
    "name": "De Overkant",
    "phone": "",
    "photo": Object {
      "url": "https://greenmeister.nl/assets/coffeeshopcontent/default.png",
    },
    "rating": 0,
    "social": Array [],
  },
  Object {
    "address": "Amstelstraat 35, Amsterdam, Noord-Holland",
    "badges": Array [],
    "description": "",
    "location": "",
    "menus": Array [],
    "name": "Kooi",
    "phone": "",
    "photo": Object {
      "url": "https://greenmeister.nl/assets/coffeeshopcontent/default.png",
    },
    "rating": 0,
    "social": Array [],
  },
  Object {
    "address": "Knollendamstraat 5, Amsterdam, Noord-Holland",
    "badges": Array [],
    "description": "",
    "location": "",
    "menus": Array [],
    "name": "Ying Yang",
    "phone": "",
    "photo": Object {
      "url": "https://greenmeister.nl/assets/coffeeshopcontent/default.png",
    },
    "rating": 0,
    "social": Array [],
  },
  Object {
    "address": "Javastraat 104, Amsterdam, Noord-Holland",
    "badges": Array [],
    "description": "",
    "location": "",
    "menus": Array [],
    "name": "Warda 2",
    "phone": "",
    "photo": Object {
      "url": "https://greenmeister.nl/assets/coffeeshopcontent/default.png",
    },
    "rating": 0,
    "social": Array [],
  },
  Object {
    "address": "Krugerplein 22, Amsterdam, Noord-Holland",
    "badges": Array [],
    "description": "",
    "location": "",
    "menus": Array [],
    "name": "Nachtegaal",
    "phone": "",
    "photo": Object {
      "url": "https://greenmeister.nl/assets/coffeeshopcontent/default.png",
    },
    "rating": 0,
    "social": Array [],
  },
  Object {
    "address": "Admiraal de Ruijterweg 104, Amsterdam, Noord-Holland",
    "badges": Array [],
    "description": "",
    "location": "",
    "menus": Array [],
    "name": "Terminator",
    "phone": "",
    "photo": Object {
      "url": "https://greenmeister.nl/assets/coffeeshopcontent/default.png",
    },
    "rating": 0,
    "social": Array [],
  },
  Object {
    "address": "Lodewijk van Deysselstraat 37, Amsterdam, Noord-Holland",
    "badges": Array [],
    "description": "",
    "location": "",
    "menus": Array [],
    "name": "De Watersnip",
    "phone": "",
    "photo": Object {
      "url": "https://greenmeister.nl/assets/coffeeshopcontent/default.png",
    },
    "rating": 0,
    "social": Array [],
  },
  Object {
    "address": "Van Woustraat 87, Amsterdam, Noord-Holland",
    "badges": Array [],
    "description": "",
    "location": "",
    "menus": Array [],
    "name": "Blue Sea",
    "phone": "",
    "photo": Object {
      "url": "https://greenmeister.nl/assets/coffeeshopcontent/default.png",
    },
    "rating": 0,
    "social": Array [],
  },
  Object {
    "address": "De Clercqstraat 30, Amsterdam, Noord-Holland",
    "badges": Array [],
    "description": "",
    "location": "",
    "menus": Array [],
    "name": "Second Cheech en Chong's",
    "phone": "",
    "photo": Object {
      "url": "https://greenmeister.nl/assets/coffeeshopcontent/default.png",
    },
    "rating": 0,
    "social": Array [],
  },
  Object {
    "address": "Regulierssteeg 2, Amsterdam, Noord-Holland",
    "badges": Array [],
    "description": "",
    "location": "",
    "menus": Array [],
    "name": "The Saint",
    "phone": "",
    "photo": Object {
      "url": "https://greenmeister.nl/assets/coffeeshopcontent/default.png",
    },
    "rating": 0,
    "social": Array [],
  },
  Object {
    "address": "Hudsonstraat 138, Amsterdam, Noord-Holland",
    "badges": Array [],
    "description": "",
    "location": "",
    "menus": Array [],
    "name": "Flash Back",
    "phone": "",
    "photo": Object {
      "url": "https://greenmeister.nl/assets/coffeeshopcontent/default.png",
    },
    "rating": 0,
    "social": Array [],
  },
  Object {
    "address": "Pretoriusstraat 67, Amsterdam, Noord-Holland",
    "badges": Array [],
    "description": "",
    "location": "",
    "menus": Array [],
    "name": "Crash Light",
    "phone": "",
    "photo": Object {
      "url": "https://greenmeister.nl/assets/coffeeshopcontent/default.png",
    },
    "rating": 0,
    "social": Array [],
  },
  Object {
    "address": "Derde Oosterparkstraat 73, Amsterdam, Noord-Holland",
    "badges": Array [],
    "description": "",
    "location": "",
    "menus": Array [],
    "name": "The Point",
    "phone": "",
    "photo": Object {
      "url": "https://greenmeister.nl/assets/coffeeshopcontent/default.png",
    },
    "rating": 0,
    "social": Array [],
  },
  Object {
    "address": "Surinamestraat 7, Amsterdam, Noord-Holland",
    "badges": Array [],
    "description": "",
    "location": "",
    "menus": Array [],
    "name": "De Prijs",
    "phone": "",
    "photo": Object {
      "url": "https://greenmeister.nl/assets/coffeeshopcontent/default.png",
    },
    "rating": 0,
    "social": Array [],
  },
  Object {
    "address": "Zieseniskade 22, Amsterdam, Noord-Holland",
    "badges": Array [],
    "description": "",
    "location": "",
    "menus": Array [],
    "name": "Noon",
    "phone": "",
    "photo": Object {
      "url": "https://greenmeister.nl/assets/coffeeshopcontent/default.png",
    },
    "rating": 0,
    "social": Array [],
  },
  Object {
    "address": "Witte de Withstraat 106, Amsterdam, Noord-Holland",
    "badges": Array [],
    "description": "",
    "location": "",
    "menus": Array [],
    "name": "El Marssa",
    "phone": "",
    "photo": Object {
      "url": "https://greenmeister.nl/assets/coffeeshopcontent/default.png",
    },
    "rating": 0,
    "social": Array [],
  },
  Object {
    "address": "Reguliersdwarsstraat 70, Amsterdam, Noord-Holland",
    "badges": Array [],
    "description": "",
    "location": "",
    "menus": Array [],
    "name": "Free I",
    "phone": "",
    "photo": Object {
      "url": "https://greenmeister.nl/assets/coffeeshopcontent/default.png",
    },
    "rating": 0,
    "social": Array [],
  },
  Object {
    "address": "Van Boetzelaerstraat 31, Amsterdam, Noord-Holland",
    "badges": Array [],
    "description": "",
    "location": "",
    "menus": Array [],
    "name": "chapiteau",
    "phone": "",
    "photo": Object {
      "url": "https://greenmeister.nl/assets/coffeeshopcontent/default.png",
    },
    "rating": 0,
    "social": Array [],
  },
  Object {
    "address": "Govert Flinckstraat 323, Amsterdam, Noord-Holland",
    "badges": Array [],
    "description": "",
    "location": "",
    "menus": Array [],
    "name": "D&L",
    "phone": "",
    "photo": Object {
      "url": "https://greenmeister.nl/assets/coffeeshopcontent/default.png",
    },
    "rating": 0,
    "social": Array [],
  },
  Object {
    "address": "Haarlemmerstraat 44, Amsterdam, Noord-Holland",
    "badges": Array [],
    "description": "",
    "location": "",
    "menus": Array [],
    "name": "Amsterdam",
    "phone": "",
    "photo": Object {
      "url": "https://greenmeister.nl/assets/coffeeshopcontent/default.png",
    },
    "rating": 0,
    "social": Array [],
  },
  Object {
    "address": "Balthasar Floriszstraat 10, Amsterdam, Noord-Holland",
    "badges": Array [],
    "description": "",
    "location": "",
    "menus": Array [],
    "name": "Pacific",
    "phone": "",
    "photo": Object {
      "url": "https://greenmeister.nl/assets/coffeeshopcontent/default.png",
    },
    "rating": 0,
    "social": Array [],
  },
  Object {
    "address": "Overtoom 451, Amsterdam, Noord-Holland",
    "badges": Array [],
    "description": "",
    "location": "",
    "menus": Array [],
    "name": "Vondel",
    "phone": "",
    "photo": Object {
      "url": "",
    },
    "rating": 5,
    "social": Array [],
  },
  Object {
    "address": "Amstel 8, Amsterdam, Noord-Holland",
    "badges": Array [],
    "description": "",
    "location": "",
    "menus": Array [],
    "name": "The Old Church",
    "phone": "",
    "photo": Object {
      "url": "",
    },
    "rating": 4,
    "social": Array [],
  },
  Object {
    "address": "Van der Helstplein 8, Amsterdam, Noord-Holland",
    "badges": Array [],
    "description": "",
    "location": "",
    "menus": Array [],
    "name": "Papillon",
    "phone": "",
    "photo": Object {
      "url": "",
    },
    "rating": 4,
    "social": Array [],
  },
  Object {
    "address": "Waterlooplein 345, Amsterdam, Noord-Holland",
    "badges": Array [],
    "description": "",
    "location": "",
    "menus": Array [],
    "name": "Green House Namaste",
    "phone": "",
    "photo": Object {
      "url": "",
    },
    "rating": 4,
    "social": Array [],
  },
  Object {
    "address": "Singel 387, Amsterdam, Noord-Holland",
    "badges": Array [],
    "description": "",
    "location": "",
    "menus": Array [],
    "name": "Dutch Flowers",
    "phone": "",
    "photo": Object {
      "url": "https://greenmeister.nl/assets/coffeeshopcontent/default.png",
    },
    "rating": 4,
    "social": Array [],
  },
  Object {
    "address": "Rembrandtplein 24, Amsterdam, Noord-Holland",
    "badges": Array [],
    "description": "",
    "location": "",
    "menus": Array [],
    "name": "Smokey",
    "phone": "",
    "photo": Object {
      "url": "",
    },
    "rating": 2,
    "social": Array [],
  },
  Object {
    "address": "Barentszstraat 130, Amsterdam, Noord-Holland",
    "badges": Array [],
    "description": "",
    "location": "",
    "menus": Array [],
    "name": "Baba",
    "phone": "",
    "photo": Object {
      "url": "",
    },
    "rating": 4,
    "social": Array [],
  },
]
`;
